TAP version 13
# Subtest: trusted projection forwards only retained original bytes after complete lifecycle observations
ok 1 - trusted projection forwards only retained original bytes after complete lifecycle observations
  ---
  duration_ms: 51.798499
  type: 'test'
  ...
# Subtest: missing/false lifecycle evidence, changed nonce/pins, and probe provenance refuse
ok 2 - missing/false lifecycle evidence, changed nonce/pins, and probe provenance refuse
  ---
  duration_ms: 15.341801
  type: 'test'
  ...
# Subtest: late outer causes discard every provisional report and have fixed precedence
ok 3 - late outer causes discard every provisional report and have fixed precedence
  ---
  duration_ms: 13.301221
  type: 'test'
  ...
# Subtest: changed snapshot, declared digest or output graph cannot pass final projection
ok 4 - changed snapshot, declared digest or output graph cannot pass final projection
  ---
  duration_ms: 18.434633
  type: 'test'
  ...
# Subtest: safe C error remains a report after cleanup and cannot forward
ok 5 - safe C error remains a report after cleanup and cannot forward
  ---
  duration_ms: 7.064378
  type: 'test'
  ...
# Subtest: expected symlink follows a regular target; path-only faults remain C errors
ok 6 - expected symlink follows a regular target; path-only faults remain C errors
  ---
  duration_ms: 17.64104
  type: 'test'
  ...
# Subtest: Record symlink loop and overlong path are input access refusals
ok 7 - Record symlink loop and overlong path are input access refusals
  ---
  duration_ms: 0.592832
  type: 'test'
  ...
# Subtest: direct launcher rejects unavailable delegation before Record access
ok 8 - direct launcher rejects unavailable delegation before Record access
  ---
  duration_ms: 47.004626
  type: 'test'
  ...
# Subtest: native child transport uses real Python and a fresh completion nonce
ok 9 - native child transport uses real Python and a fresh completion nonce
  ---
  duration_ms: 435.164019
  type: 'test'
  ...
# Subtest: all-pass seven-result graph is internally valid, not a forwarding authorization
ok 10 - all-pass seven-result graph is internally valid, not a forwarding authorization
  ---
  duration_ms: 1.835031
  type: 'test'
  ...
# Subtest: schema failure blocks every dependent with actual schema reason
ok 11 - schema failure blocks every dependent with actual schema reason
  ---
  duration_ms: 1.340407
  type: 'test'
  ...
# Subtest: K failure blocks I/A without suppressing D/H/C
ok 12 - K failure blocks I/A without suppressing D/H/C
  ---
  duration_ms: 0.478139
  type: 'test'
  ...
# Subtest: D/H remain evaluated despite I failure and C error
ok 13 - D/H remain evaluated despite I failure and C error
  ---
  duration_ms: 0.31947
  type: 'test'
  ...
# Subtest: multiple and transitive blockers retain deterministic actual reasons
ok 14 - multiple and transitive blockers retain deterministic actual reasons
  ---
  duration_ms: 0.31275
  type: 'test'
  ...
# Subtest: exhaustive pass/fail/context-error combinations agree with an independent boolean oracle
ok 15 - exhaustive pass/fail/context-error combinations agree with an independent boolean oracle
  ---
  duration_ms: 13.246269
  type: 'test'
  ...
# Subtest: serialized-output mutations cannot invent graph passes or erase causes
ok 16 - serialized-output mutations cannot invent graph passes or erase causes
  ---
  duration_ms: 2.679472
  type: 'test'
  ...
# Subtest: trusted evaluator boundary rejects incomplete/invalid inputs and generic root causes
ok 17 - trusted evaluator boundary rejects incomplete/invalid inputs and generic root causes
  ---
  duration_ms: 0.772041
  type: 'test'
  ...
# Subtest: caller mutations do not rewrite copied reasons
ok 18 - caller mutations do not rewrite copied reasons
  ---
  duration_ms: 1.039945
  type: 'test'
  ...
# Subtest: fault-a-pass discards the provisional output
ok 19 - fault-a-pass discards the provisional output
  ---
  duration_ms: 23.356408
  type: 'test'
  ...
# Subtest: fault-s-pass discards the provisional output
ok 20 - fault-s-pass discards the provisional output
  ---
  duration_ms: 1.84804
  type: 'test'
  ...
# Subtest: fault-swap discards the provisional output
ok 21 - fault-swap discards the provisional output
  ---
  duration_ms: 16.392642
  type: 'test'
  ...
# Subtest: fault-duplicate discards the provisional output
ok 22 - fault-duplicate discards the provisional output
  ---
  duration_ms: 7.930622
  type: 'test'
  ...
# Subtest: fault-omit discards the provisional output
ok 23 - fault-omit discards the provisional output
  ---
  duration_ms: 10.230411
  type: 'test'
  ...
# Subtest: fault-error-outcome discards the provisional output
ok 24 - fault-error-outcome discards the provisional output
  ---
  duration_ms: 5.195406
  type: 'test'
  ...
# Subtest: fault-notrun-outcome discards the provisional output
ok 25 - fault-notrun-outcome discards the provisional output
  ---
  duration_ms: 4.787433
  type: 'test'
  ...
# Subtest: fault-generic-reason discards the provisional output
ok 26 - fault-generic-reason discards the provisional output
  ---
  duration_ms: 6.682814
  type: 'test'
  ...
# Subtest: fault-missing-blocker discards the provisional output
ok 27 - fault-missing-blocker discards the provisional output
  ---
  duration_ms: 7.540324
  type: 'test'
  ...
# Subtest: fault-unrelated-blocker discards the provisional output
ok 28 - fault-unrelated-blocker discards the provisional output
  ---
  duration_ms: 7.488136
  type: 'test'
  ...
# Subtest: fault-missing-reason discards the provisional output
ok 29 - fault-missing-reason discards the provisional output
  ---
  duration_ms: 7.492091
  type: 'test'
  ...
# Subtest: fault-late-budget discards the provisional output
ok 30 - fault-late-budget discards the provisional output
  ---
  duration_ms: 9.653683
  type: 'test'
  ...
# Subtest: fault-schema-budget discards the provisional output
ok 31 - fault-schema-budget discards the provisional output
  ---
  duration_ms: 0.980815
  type: 'test'
  ...
# Subtest: fault-worker-output discards the provisional output
ok 32 - fault-worker-output discards the provisional output
  ---
  duration_ms: 8.92015
  type: 'test'
  ...
# Subtest: fabricated S pass remains structurally valid and needs private evidence rejection
ok 33 - fabricated S pass remains structurally valid and needs private evidence rejection
  ---
  duration_ms: 1.213726
  type: 'test'
  ...
# Subtest: successor schema and output are exact versions; candidate.4 never aliases candidate.5
ok 34 - successor schema and output are exact versions; candidate.4 never aliases candidate.5
  ---
  duration_ms: 40.927604
  type: 'test'
  ...
# Subtest: pre-routing strict eligibility and bounds, then exact dispatch, then canonicalization
ok 35 - pre-routing strict eligibility and bounds, then exact dispatch, then canonicalization
  ---
  duration_ms: 1.09696
  type: 'test'
  ...
# Subtest: S fail returns scoped failure rows, never reads context or launches A
ok 36 - S fail returns scoped failure rows, never reads context or launches A
  ---
  duration_ms: 2.618159
  type: 'test'
  ...
# Subtest: K, D, I and C failures retain independently evaluated rows and block actual A launch
ok 37 - K, D, I and C failures retain independently evaluated rows and block actual A launch
  ---
  duration_ms: 16.230227
  type: 'test'
  ...
# Subtest: exact numerator mismatch cannot be hidden by unchanged display bits
ok 38 - exact numerator mismatch cannot be hidden by unchanged display bits
  ---
  duration_ms: 7.002114
  type: 'test'
  ...
# Subtest: malformed worker completion refuses, and arbitrary callback exceptions are internal
ok 39 - malformed worker completion refuses, and arbitrary callback exceptions are internal
  ---
  duration_ms: 40.071265
  type: 'test'
  ...
# Subtest: wire mutations and even graph-consistent fabricated S pass fail against private evidence
ok 40 - wire mutations and even graph-consistent fabricated S pass fail against private evidence
  ---
  duration_ms: 43.858603
  type: 'test'
  ...
# Subtest: late shared-budget failure supersedes a complete inner report
ok 41 - late shared-budget failure supersedes a complete inner report
  ---
  duration_ms: 7.027482
  type: 'test'
  ...
# Subtest: bounded file adapter checks actual bytes and preserves S-failure no-read behavior
ok 42 - bounded file adapter checks actual bytes and preserves S-failure no-read behavior
  ---
  duration_ms: 19.679076
  type: 'test'
  ...
# Subtest: expected directory is C unreadable while Record-local passes remain
ok 43 - expected directory is C unreadable while Record-local passes remain
  ---
  duration_ms: 6.101008
  type: 'test'
  ...
# Subtest: cancellation is an invocation refusal; copied arithmetic cannot rewrite private inspected data
ok 44 - cancellation is an invocation refusal; copied arithmetic cannot rewrite private inspected data
  ---
  duration_ms: 2.17338
  type: 'test'
  ...
# Subtest: actual isolated Python worker agrees with retained fixed results
ok 45 - actual isolated Python worker agrees with retained fixed results
  ---
  duration_ms: 63.313643
  type: 'test'
  ...
# Subtest: fixed example has six local passes and its original digest; never an A evaluation
ok 46 - fixed example has six local passes and its original digest; never an A evaluation
  ---
  duration_ms: 19.458925
  type: 'test'
  ...
# Subtest: schema failure with faithful references does not acquire context and blocks all dependents
ok 47 - schema failure with faithful references does not acquire context and blocks all dependents
  ---
  duration_ms: 4.452178
  type: 'test'
  ...
# Subtest: exact routing and valid supplied identity are required before any S result
ok 48 - exact routing and valid supplied identity are required before any S result
  ---
  duration_ms: 3.214065
  type: 'test'
  ...
# Subtest: declared digest mismatch preserves D/H/C and reference uses independently computed bytes
ok 49 - declared digest mismatch preserves D/H/C and reference uses independently computed bytes
  ---
  duration_ms: 2.710948
  type: 'test'
  ...
# Subtest: noncanonical bytes with D and C failures preserve independent results and transitive reasons
ok 50 - noncanonical bytes with D and C failures preserve independent results and transitive reasons
  ---
  duration_ms: 2.456616
  type: 'test'
  ...
# Subtest: whitespace K failure still evaluates passing D/H/C and never evaluates I
ok 51 - whitespace K failure still evaluates passing D/H/C and never evaluates I
  ---
  duration_ms: 2.295764
  type: 'test'
  ...
# Subtest: independent expected record_id mismatch is C fail, not local nonconformance
ok 52 - independent expected record_id mismatch is C fail, not local nonconformance
  ---
  duration_ms: 2.805491
  type: 'test'
  ...
# Subtest: independent expected revision_id mismatch is C fail, not local nonconformance
ok 53 - independent expected revision_id mismatch is C fail, not local nonconformance
  ---
  duration_ms: 2.126399
  type: 'test'
  ...
# Subtest: independent expected declaration mismatch is C fail, not local nonconformance
ok 54 - independent expected declaration mismatch is C fail, not local nonconformance
  ---
  duration_ms: 2.39322
  type: 'test'
  ...
# Subtest: independent expected inputs mismatch is C fail, not local nonconformance
ok 55 - independent expected inputs mismatch is C fail, not local nonconformance
  ---
  duration_ms: 3.732175
  type: 'test'
  ...
# Subtest: schema-valid D0 failure may coexist with C pass on an independently supplied matching fixture
ok 56 - schema-valid D0 failure may coexist with C pass on an independently supplied matching fixture
  ---
  duration_ms: 2.312469
  type: 'test'
  ...
# Subtest: missing, unreadable, malformed and schema-invalid context yield C error only
ok 57 - missing, unreadable, malformed and schema-invalid context yield C error only
  ---
  duration_ms: 9.616288
  type: 'test'
  ...
# Subtest: expected-input limits and unexpected acquisition failures escape without partial output
ok 58 - expected-input limits and unexpected acquisition failures escape without partial output
  ---
  duration_ms: 6.737617
  type: 'test'
  ...
# Subtest: raw bounds precede routing; routing and references precede canonicalization
ok 59 - raw bounds precede routing; routing and references precede canonicalization
  ---
  duration_ms: 2.893403
  type: 'test'
  ...
# Subtest: p-domain admits zero, subnormal and one, rejects negative zero/nonfinite/greater-than-one
ok 60 - p-domain admits zero, subnormal and one, rejects negative zero/nonfinite/greater-than-one
  ---
  duration_ms: 13.091395
  type: 'test'
  ...
# Subtest: actual Holm domain and ownership mutations cannot be accepted through a trusted flag
ok 61 - actual Holm domain and ownership mutations cannot be accepted through a trusted flag
  ---
  duration_ms: 11.192758
  type: 'test'
  ...
# Subtest: acquisition cannot change inspected bytes by mutating the original input
ok 62 - acquisition cannot change inspected bytes by mutating the original input
  ---
  duration_ms: 1.93408
  type: 'test'
  ...
# Subtest: D0 relation-only vectors retain all original expected reason sets
ok 63 - D0 relation-only vectors retain all original expected reason sets
  ---
  duration_ms: 6.219537
  type: 'test'
  ...
# Subtest: copied candidate input bytes match their fixed source manifest
ok 64 - copied candidate input bytes match their fixed source manifest
  ---
  duration_ms: 2.312369
  type: 'test'
  ...
# Subtest: stored projection: first
ok 65 - stored projection: first
  ---
  duration_ms: 3.906357
  type: 'test'
  ...
# Subtest: stored projection: middle
ok 66 - stored projection: middle
  ---
  duration_ms: 0.786182
  type: 'test'
  ...
# Subtest: stored projection: last
ok 67 - stored projection: last
  ---
  duration_ms: 0.264087
  type: 'test'
  ...
# Subtest: stored projection: sole
ok 68 - stored projection: sole
  ---
  duration_ms: 0.393462
  type: 'test'
  ...
# Subtest: stored projection: absent
ok 69 - stored projection: absent
  ---
  duration_ms: 0.277548
  type: 'test'
  ...
# Subtest: stored projection: space-first
ok 70 - stored projection: space-first
  ---
  duration_ms: 0.316596
  type: 'test'
  ...
# Subtest: stored projection: space-middle
ok 71 - stored projection: space-middle
  ---
  duration_ms: 0.454614
  type: 'test'
  ...
# Subtest: stored projection: space-last
ok 72 - stored projection: space-last
  ---
  duration_ms: 0.187612
  type: 'test'
  ...
# Subtest: stored projection: escaped-key
ok 73 - stored projection: escaped-key
  ---
  duration_ms: 0.271718
  type: 'test'
  ...
# Subtest: stored projection: nested
ok 74 - stored projection: nested
  ---
  duration_ms: 0.343747
  type: 'test'
  ...
# Subtest: stored projection: string-lookalike
ok 75 - stored projection: string-lookalike
  ---
  duration_ms: 0.189064
  type: 'test'
  ...
# Subtest: stored projection: unicode
ok 76 - stored projection: unicode
  ---
  duration_ms: 0.238058
  type: 'test'
  ...
# Subtest: stored projection: spelling
ok 77 - stored projection: spelling
  ---
  duration_ms: 0.194182
  type: 'test'
  ...
# Subtest: stored projection: trailing-newline
ok 78 - stored projection: trailing-newline
  ---
  duration_ms: 1.24942
  type: 'test'
  ...
# Subtest: stored reference distinguishes newline/whitespace from reserialized content
ok 79 - stored reference distinguishes newline/whitespace from reserialized content
  ---
  duration_ms: 0.501144
  type: 'test'
  ...
# Subtest: digest ignores only integrity and does not trust its declared digest
ok 80 - digest ignores only integrity and does not trust its declared digest
  ---
  duration_ms: 1.471464
  type: 'test'
  ...
# Subtest: input and output buffers do not share storage
ok 81 - input and output buffers do not share storage
  ---
  duration_ms: 0.199991
  type: 'test'
  ...
# Subtest: strict eligibility: duplicate
ok 82 - strict eligibility: duplicate
  ---
  duration_ms: 1.001207
  type: 'test'
  ...
# Subtest: strict eligibility: nested-duplicate
ok 83 - strict eligibility: nested-duplicate
  ---
  duration_ms: 0.101252
  type: 'test'
  ...
# Subtest: strict eligibility: surrogate
ok 84 - strict eligibility: surrogate
  ---
  duration_ms: 0.132039
  type: 'test'
  ...
# Subtest: strict eligibility: negative-zero
ok 85 - strict eligibility: negative-zero
  ---
  duration_ms: 0.412761
  type: 'test'
  ...
# Subtest: malformed and BOM input is not normalized
ok 86 - malformed and BOM input is not normalized
  ---
  duration_ms: 0.154432
  type: 'test'
  ...
# Subtest: invalid UTF-8 rejects before parsing; shared buffers rejected
ok 87 - invalid UTF-8 rejects before parsing; shared buffers rejected
  ---
  duration_ms: 0.512521
  type: 'test'
  ...
# Subtest: non-object input and canonicalization failure never produce an inspection
ok 88 - non-object input and canonicalization failure never produce an inspection
  ---
  duration_ms: 0.314523
  type: 'test'
  ...
# Subtest: raw byte bound at equality and over
ok 89 - raw byte bound at equality and over
  ---
  duration_ms: 20.124616
  type: 'test'
  ...
# Subtest: depth, string, key, entry and node ceilings reject excess
ok 90 - depth, string, key, entry and node ceilings reject excess
  ---
  duration_ms: 19.524904
  type: 'test'
  ...
# Subtest: budget failures propagate unchanged at early and late checkpoints
ok 91 - budget failures propagate unchanged at early and late checkpoints
  ---
  duration_ms: 0.470157
  type: 'test'
  ...
1..91
# tests 91
# suites 0
# pass 91
# fail 0
# cancelled 0
# skipped 0
# todo 0
# duration_ms 1307.355555
